<html>
<body>
<pre>
<h1>礦ision Build Log</h1>
<h2>Project:</h2>
C:\Users\Lenovo\Desktop\新建文件夹\nuc140_stu\SampleCode\Smpl_LCD_Keypad\Smpl_LCD_Keypad.uvproj
Project File Date:  12/17/2020

<h2>Output:</h2>
Rebuild target 'Smpl_LCD_Keypad'
creating preprocessor file for core_cm0.c...
compiling core_cm0.c...
creating preprocessor file for system_NUC1xx.c...
compiling system_NUC1xx.c...
assembling startup_NUC1xx.s...
creating preprocessor file for Smpl_LCD_Keypad.c...
compiling Smpl_LCD_Keypad.c...
creating preprocessor file for Ascii_Table.C...
compiling Ascii_Table.C...
creating preprocessor file for ScanKey.c...
compiling ScanKey.c...
creating preprocessor file for Seven_Segment.c...
compiling Seven_Segment.c...
creating preprocessor file for LCD_Driver.c...
compiling LCD_Driver.c...
creating preprocessor file for DrvGPIO.c...
compiling DrvGPIO.c...
linking...
Program Size: Code=5524 RO-data=244 RW-data=2044 ZI-data=3396  
User command #1: fromelf --bin ".\obj\Smpl_7seg_Keypad.axf" --output ".\obj\Smpl_7seg_Keypad.bin"
User command #2: fromelf --text -c ".\obj\Smpl_7seg_Keypad.axf" --output ".\obj\Smpl_7seg_Keypad.txt"
".\obj\Smpl_7seg_Keypad.axf" - 0 Error(s), 0 Warning(s).
