<html>
<body>
<pre>
<h1>µVision Build Log</h1>
<h2>Project:</h2>
C:\Users\CH\Desktop\Whack-A-Mole\Code\src\Whack-A-Mole.uvproj
Project File Date:  06/17/2021

<h2>Output:</h2>
Build target 'Whack-A-Mole'
creating preprocessor file for core_cm0.c...
compiling core_cm0.c...
creating preprocessor file for system_NUC1xx.c...
compiling system_NUC1xx.c...
assembling startup_NUC1xx.s...
creating preprocessor file for Ascii_Table.C...
compiling Ascii_Table.C...
creating preprocessor file for ScanKey.c...
compiling ScanKey.c...
creating preprocessor file for Seven_Segment.c...
compiling Seven_Segment.c...
creating preprocessor file for LCD_Driver.c...
compiling LCD_Driver.c...
creating preprocessor file for Main.c...
compiling Main.c...
creating preprocessor file for DrvGPIO.c...
compiling DrvGPIO.c...
linking...
Program Size: Code=5516 RO-data=244 RW-data=2044 ZI-data=3396  
User command #1: fromelf --bin ".\obj\Whack-A-Mole.axf" --output ".\obj\Whack-A-Mole.bin"
User command #2: fromelf --text -c ".\obj\Whack-A-Mole.axf" --output ".\obj\Whack-A-Mole.txt"
".\obj\Whack-A-Mole.axf" - 0 Error(s), 0 Warning(s).
