ARM Linker, 4.1 [Build 894] [Evaluation]

==============================================================================

Small function inlining results

Inlined function __aeabi_idiv0 from aeabi_idiv0.o at offset 0x154 in aeabi_sdiv.o(.text).
Inlined Instruction: BX       lr
Inlined function __aeabi_idiv0 from aeabi_idiv0.o at offset 0x154 in aeabi_sdiv_div0.o(.text).
Inlined Instruction: BX       lr
Inlined function _platform_pre_stackheap_init from boardinit1.o at offset 0x0 in rtentry2.o(.ARM.Collect$$rtentry$$00000001).
Inlined Instruction: BX       lr
Inlined function __ARM_get_argv from no_argv.o at offset 0x2 in argv_veneer.o(.text).
Inlined Instruction: BX       lr
Inlined function _fp_init from fpinit.o at offset 0x2 in libinit.o(.ARM.Collect$$libinit$$00000000).
Inlined Instruction: BX       lr
Inlined function _platform_pre_lib_shutdown from boardshut.o at offset 0x0 in rtexit2.o(.ARM.Collect$$rtexit$$00000001).
Inlined Instruction: BX       lr
Inlined total of 6 calls.

==============================================================================

Section Cross References

    system_nuc1xx.o(i.SystemCoreClockUpdate) refers to aeabi_sdiv.o(.text) for __aeabi_uidivmod
    system_nuc1xx.o(i.SystemCoreClockUpdate) refers to system_nuc1xx.o(.data) for gau32ClkSrcTbl
    startup_nuc1xx.o(STACK) refers (Special) to heapauxi.o(.text) for __use_two_region_memory
    startup_nuc1xx.o(HEAP) refers (Special) to heapauxi.o(.text) for __use_two_region_memory
    startup_nuc1xx.o(RESET) refers (Special) to heapauxi.o(.text) for __use_two_region_memory
    startup_nuc1xx.o(RESET) refers to startup_nuc1xx.o(STACK) for __initial_sp
    startup_nuc1xx.o(RESET) refers to startup_nuc1xx.o(.text) for Reset_Handler
    startup_nuc1xx.o(RESET) refers to drvgpio.o(i.EINT0_IRQHandler) for EINT0_IRQHandler
    startup_nuc1xx.o(RESET) refers to drvgpio.o(i.EINT1_IRQHandler) for EINT1_IRQHandler
    startup_nuc1xx.o(RESET) refers to drvgpio.o(i.GPAB_IRQHandler) for GPAB_IRQHandler
    startup_nuc1xx.o(RESET) refers to drvgpio.o(i.GPCDE_IRQHandler) for GPCDE_IRQHandler
    startup_nuc1xx.o(.text) refers (Special) to heapauxi.o(.text) for __use_two_region_memory
    startup_nuc1xx.o(.text) refers to system_nuc1xx.o(i.SystemInit) for SystemInit
    startup_nuc1xx.o(.text) refers to __main.o(!!!main) for __main
    startup_nuc1xx.o(.text) refers to startup_nuc1xx.o(HEAP) for Heap_Mem
    startup_nuc1xx.o(.text) refers to startup_nuc1xx.o(STACK) for Stack_Mem
    smpl_lcd_keypad.o(i.GetRand) refers to rand.o(.emb_text) for rand
    smpl_lcd_keypad.o(i.GetRand) refers to aeabi_sdiv.o(.text) for __aeabi_idivmod
    smpl_lcd_keypad.o(i.InitData) refers to smpl_lcd_keypad.o(i.LoadImg) for LoadImg
    smpl_lcd_keypad.o(i.LoadBuf) refers to smpl_lcd_keypad.o(.bss) for Nuvoton
    smpl_lcd_keypad.o(i.LoadImg) refers to aeabi_sdiv.o(.text) for __aeabi_idivmod
    smpl_lcd_keypad.o(i.LoadImg) refers to smpl_lcd_keypad.o(.bss) for Nuvoton
    smpl_lcd_keypad.o(i.LoadImg) refers to smpl_lcd_keypad.o(.data) for Img_mole_hole
    smpl_lcd_keypad.o(i.LoadIndex) refers to lcd_driver.o(i.Initial_panel) for Initial_panel
    smpl_lcd_keypad.o(i.LoadIndex) refers to lcd_driver.o(i.clr_all_panel) for clr_all_panel
    smpl_lcd_keypad.o(i.LoadIndex) refers to lcd_driver.o(i.print_lcd) for print_lcd
    smpl_lcd_keypad.o(i.Loadres) refers to _printf_percent.o(.ARM.Collect$$_printf_percent$$00000000) for _printf_percent
    smpl_lcd_keypad.o(i.Loadres) refers to _printf_d.o(.ARM.Collect$$_printf_percent$$00000009) for _printf_d
    smpl_lcd_keypad.o(i.Loadres) refers to _printf_dec.o(.text) for _printf_int_dec
    smpl_lcd_keypad.o(i.Loadres) refers to lcd_driver.o(i.Initial_panel) for Initial_panel
    smpl_lcd_keypad.o(i.Loadres) refers to lcd_driver.o(i.clr_all_panel) for clr_all_panel
    smpl_lcd_keypad.o(i.Loadres) refers to lcd_driver.o(i.print_lcd) for print_lcd
    smpl_lcd_keypad.o(i.Loadres) refers to noretval__2sprintf.o(.text) for __2sprintf
    smpl_lcd_keypad.o(i.Loadres) refers to smpl_lcd_keypad.o(.constdata) for .constdata
    smpl_lcd_keypad.o(i.main) refers to ffixi.o(.text) for __aeabi_f2iz
    smpl_lcd_keypad.o(i.main) refers to scankey.o(i.OpenKeyPad) for OpenKeyPad
    smpl_lcd_keypad.o(i.main) refers to seven_segment.o(i.close_seven_segment) for close_seven_segment
    smpl_lcd_keypad.o(i.main) refers to smpl_lcd_keypad.o(i.LoadIndex) for LoadIndex
    smpl_lcd_keypad.o(i.main) refers to scankey.o(i.Scankey) for Scankey
    smpl_lcd_keypad.o(i.main) refers to smpl_lcd_keypad.o(i.InitData) for InitData
    smpl_lcd_keypad.o(i.main) refers to smpl_lcd_keypad.o(i.GetRand) for GetRand
    smpl_lcd_keypad.o(i.main) refers to smpl_lcd_keypad.o(i.LoadImg) for LoadImg
    smpl_lcd_keypad.o(i.main) refers to smpl_lcd_keypad.o(i.LoadBuf) for LoadBuf
    smpl_lcd_keypad.o(i.main) refers to lcd_driver.o(i.draw_LCD) for draw_LCD
    smpl_lcd_keypad.o(i.main) refers to smpl_lcd_keypad.o(i.seg_display) for seg_display
    smpl_lcd_keypad.o(i.main) refers to lcd_driver.o(i.clr_all_panel) for clr_all_panel
    smpl_lcd_keypad.o(i.main) refers to smpl_lcd_keypad.o(i.Loadres) for Loadres
    smpl_lcd_keypad.o(i.main) refers to f2d.o(.text) for __aeabi_f2d
    smpl_lcd_keypad.o(i.main) refers to dmul.o(.text) for __aeabi_dmul
    smpl_lcd_keypad.o(i.main) refers to d2f.o(.text) for __aeabi_d2f
    smpl_lcd_keypad.o(i.main) refers to smpl_lcd_keypad.o(.bss) for DisplayBuf
    smpl_lcd_keypad.o(i.seg_display) refers to aeabi_sdiv.o(.text) for __aeabi_idivmod
    smpl_lcd_keypad.o(i.seg_display) refers to seven_segment.o(i.close_seven_segment) for close_seven_segment
    smpl_lcd_keypad.o(i.seg_display) refers to seven_segment.o(i.show_seven_segment) for show_seven_segment
    scankey.o(i.CloseKeyPad) refers to drvgpio.o(i.DrvGPIO_Close) for DrvGPIO_Close
    scankey.o(i.OpenKeyPad) refers to drvgpio.o(i.DrvGPIO_Open) for DrvGPIO_Open
    scankey.o(i.Scankey) refers to drvgpio.o(i.DrvGPIO_SetBit) for DrvGPIO_SetBit
    scankey.o(i.Scankey) refers to drvgpio.o(i.DrvGPIO_ClrBit) for DrvGPIO_ClrBit
    scankey.o(i.Scankey) refers to scankey.o(i.delay) for delay
    scankey.o(i.Scankey) refers to drvgpio.o(i.DrvGPIO_GetBit) for DrvGPIO_GetBit
    scankey.o(i.Scankey) refers to scankey.o(.constdata) for .constdata
    seven_segment.o(i.close_seven_segment) refers to drvgpio.o(i.DrvGPIO_ClrBit) for DrvGPIO_ClrBit
    seven_segment.o(i.show_seven_segment) refers to drvgpio.o(i.DrvGPIO_SetBit) for DrvGPIO_SetBit
    seven_segment.o(i.show_seven_segment) refers to drvgpio.o(i.DrvGPIO_ClrBit) for DrvGPIO_ClrBit
    seven_segment.o(i.show_seven_segment) refers to seven_segment.o(.data) for SEG_BUF
    lcd_driver.o(i.Disable_Buzzer) refers to drvgpio.o(i.DrvGPIO_Open) for DrvGPIO_Open
    lcd_driver.o(i.Disable_Buzzer) refers to drvgpio.o(i.DrvGPIO_SetBit) for DrvGPIO_SetBit
    lcd_driver.o(i.Initial_panel) refers to lcd_driver.o(.data) for SPI_PORT
    lcd_driver.o(i.SetPACA) refers to lcd_driver.o(.data) for SPI_PORT
    lcd_driver.o(i.Show_Word) refers to lcd_driver.o(i.SetPACA) for SetPACA
    lcd_driver.o(i.Show_Word) refers to lcd_driver.o(i.WriteData) for WriteData
    lcd_driver.o(i.Show_Word) refers to ascii_table.o(.data) for Ascii
    lcd_driver.o(i.WriteData) refers to lcd_driver.o(.data) for SPI_PORT
    lcd_driver.o(i.clr_all_panel) refers to lcd_driver.o(i.SetPACA) for SetPACA
    lcd_driver.o(i.clr_all_panel) refers to lcd_driver.o(i.WriteData) for WriteData
    lcd_driver.o(i.draw_LCD) refers to lcd_driver.o(i.SetPACA) for SetPACA
    lcd_driver.o(i.draw_LCD) refers to lcd_driver.o(i.WriteData) for WriteData
    lcd_driver.o(i.print_lcd) refers to lcd_driver.o(i.Show_Word) for Show_Word
    drvgpio.o(i.DrvGPIO_ClrPortMask) refers to drvgpio.o(i.DrvGPIO_GetPortMask) for DrvGPIO_GetPortMask
    drvgpio.o(i.DrvGPIO_DisableEINT0) refers to drvgpio.o(i.NVIC_DisableIRQ) for NVIC_DisableIRQ
    drvgpio.o(i.DrvGPIO_DisableEINT1) refers to drvgpio.o(i.NVIC_DisableIRQ) for NVIC_DisableIRQ
    drvgpio.o(i.DrvGPIO_DisableInt) refers to drvgpio.o(i.NVIC_DisableIRQ) for NVIC_DisableIRQ
    drvgpio.o(i.DrvGPIO_EnableEINT0) refers to drvgpio.o(i.NVIC_SetPriority) for NVIC_SetPriority
    drvgpio.o(i.DrvGPIO_EnableEINT0) refers to drvgpio.o(i.NVIC_EnableIRQ) for NVIC_EnableIRQ
    drvgpio.o(i.DrvGPIO_EnableEINT0) refers to drvgpio.o(.data) for _pfEINT0Callback
    drvgpio.o(i.DrvGPIO_EnableEINT1) refers to drvgpio.o(i.NVIC_SetPriority) for NVIC_SetPriority
    drvgpio.o(i.DrvGPIO_EnableEINT1) refers to drvgpio.o(i.NVIC_EnableIRQ) for NVIC_EnableIRQ
    drvgpio.o(i.DrvGPIO_EnableEINT1) refers to drvgpio.o(.data) for _pfEINT1Callback
    drvgpio.o(i.DrvGPIO_EnableInt) refers to drvgpio.o(i.NVIC_SetPriority) for NVIC_SetPriority
    drvgpio.o(i.DrvGPIO_EnableInt) refers to drvgpio.o(i.NVIC_EnableIRQ) for NVIC_EnableIRQ
    drvgpio.o(i.DrvGPIO_InitFunction) refers to drvgpio.o(i.__ARM_common_switch8) for __ARM_common_switch8
    drvgpio.o(i.DrvGPIO_SetIntCallback) refers to drvgpio.o(.data) for _pfGPABCallback
    drvgpio.o(i.DrvGPIO_SetPortMask) refers to drvgpio.o(i.DrvGPIO_GetPortMask) for DrvGPIO_GetPortMask
    drvgpio.o(i.EINT0_IRQHandler) refers to drvgpio.o(.data) for _pfEINT0Callback
    drvgpio.o(i.EINT1_IRQHandler) refers to drvgpio.o(.data) for _pfEINT1Callback
    drvgpio.o(i.GPAB_IRQHandler) refers to drvgpio.o(.data) for _pfGPABCallback
    drvgpio.o(i.GPCDE_IRQHandler) refers to drvgpio.o(.data) for _pfGPCDECallback
    __2sprintf.o(.text) refers to _printf_char_common.o(.text) for _printf_char_common
    __2sprintf.o(.text) refers to _sputc.o(.text) for _sputc
    noretval__2sprintf.o(.text) refers to _printf_char_common.o(.text) for _printf_char_common
    noretval__2sprintf.o(.text) refers to _sputc.o(.text) for _sputc
    __printf.o(.text) refers to _printf_percent.o(.ARM.Collect$$_printf_percent$$00000000) for _printf_percent
    _printf_dec.o(.text) refers to rtudiv10.o(.text) for __rt_udiv10
    _printf_dec.o(.text) refers to _printf_intcommon.o(.text) for _printf_int_common
    __printf_flags.o(.text) refers to _printf_percent.o(.ARM.Collect$$_printf_percent$$00000000) for _printf_percent
    __printf_flags.o(.text) refers to __printf_flags.o(.constdata) for .constdata
    __printf_ss.o(.text) refers to _printf_percent.o(.ARM.Collect$$_printf_percent$$00000000) for _printf_percent
    __printf_flags_ss.o(.text) refers to _printf_percent.o(.ARM.Collect$$_printf_percent$$00000000) for _printf_percent
    __printf_flags_ss.o(.text) refers to __printf_flags_ss.o(.constdata) for .constdata
    __printf_wp.o(.text) refers to __printf_wp.o(i._is_digit) for _is_digit
    __printf_wp.o(.text) refers to _printf_percent.o(.ARM.Collect$$_printf_percent$$00000000) for _printf_percent
    __printf_flags_wp.o(.text) refers to __printf_wp.o(i._is_digit) for _is_digit
    __printf_flags_wp.o(.text) refers to _printf_percent.o(.ARM.Collect$$_printf_percent$$00000000) for _printf_percent
    __printf_flags_wp.o(.text) refers to __printf_flags_wp.o(.constdata) for .constdata
    __printf_ss_wp.o(.text) refers to __printf_wp.o(i._is_digit) for _is_digit
    __printf_ss_wp.o(.text) refers to _printf_percent.o(.ARM.Collect$$_printf_percent$$00000000) for _printf_percent
    __printf_flags_ss_wp.o(.text) refers to __printf_wp.o(i._is_digit) for _is_digit
    __printf_flags_ss_wp.o(.text) refers to _printf_percent.o(.ARM.Collect$$_printf_percent$$00000000) for _printf_percent
    __printf_flags_ss_wp.o(.text) refers to __printf_flags_ss_wp.o(.constdata) for .constdata
    _printf_d.o(.ARM.Collect$$_printf_percent$$00000009) refers (Weak) to _printf_dec.o(.text) for _printf_int_dec
    _printf_percent.o(.ARM.Collect$$_printf_percent$$00000000) refers (Special) to _printf_percent_end.o(.ARM.Collect$$_printf_percent$$00000017) for _printf_percent_end
    rand.o(.emb_text) refers (Special) to libinit2.o(.ARM.Collect$$libinit$$00000009) for __rt_lib_init_rand_2
    rand.o(.emb_text) refers to rand.o(.text) for _rand_init
    rand.o(.emb_text) refers to rand.o(.bss) for _random_number_data
    rand.o(.text) refers (Special) to libinit2.o(.ARM.Collect$$libinit$$00000009) for __rt_lib_init_rand_2
    rand.o(.text) refers to rand.o(.bss) for .bss
    rand.o(.bss) refers (Special) to libinit2.o(.ARM.Collect$$libinit$$00000009) for __rt_lib_init_rand_2
    __main.o(!!!main) refers to rtentry.o(.ARM.Collect$$rtentry$$00000000) for __rt_entry
    d2f.o(.text) refers (Special) to usenofp.o(x$fpl$usenofp) for __I$use$fp
    dmul.o(.text) refers (Special) to usenofp.o(x$fpl$usenofp) for __I$use$fp
    f2d.o(.text) refers (Special) to usenofp.o(x$fpl$usenofp) for __I$use$fp
    ffixi.o(.text) refers (Special) to usenofp.o(x$fpl$usenofp) for __I$use$fp
    rtentry.o(.ARM.Collect$$rtentry$$00000000) refers (Special) to rtentry2.o(.ARM.Collect$$rtentry$$0000000A) for __rt_entry_li
    rtentry.o(.ARM.Collect$$rtentry$$00000000) refers (Special) to rtentry2.o(.ARM.Collect$$rtentry$$0000000D) for __rt_entry_main
    rtentry.o(.ARM.Collect$$rtentry$$00000000) refers (Special) to rtentry2.o(.ARM.Collect$$rtentry$$0000000C) for __rt_entry_postli_1
    rtentry.o(.ARM.Collect$$rtentry$$00000000) refers (Special) to rtentry2.o(.ARM.Collect$$rtentry$$00000009) for __rt_entry_postsh_1
    rtentry.o(.ARM.Collect$$rtentry$$00000000) refers (Special) to rtentry2.o(.ARM.Collect$$rtentry$$00000002) for __rt_entry_presh_1
    rtentry.o(.ARM.Collect$$rtentry$$00000000) refers (Special) to rtentry4.o(.ARM.Collect$$rtentry$$00000004) for __rt_entry_sh
    aeabi_idiv0_sigfpe.o(.text) refers to rt_div0.o(.text) for __rt_div0
    _printf_char_common.o(.text) refers to __printf.o(.text) for __printf
    libinit2.o(.ARM.Collect$$libinit$$00000009) refers (Weak) to rand.o(.text) for _rand_init
    libinit2.o(.ARM.Collect$$libinit$$0000000C) refers to libinit2.o(.ARM.Collect$$libinit$$0000000B) for .ARM.Collect$$libinit$$0000000B
    libinit2.o(.ARM.Collect$$libinit$$0000000E) refers to libinit2.o(.ARM.Collect$$libinit$$0000000B) for .ARM.Collect$$libinit$$0000000B
    libinit2.o(.ARM.Collect$$libinit$$00000010) refers to libinit2.o(.ARM.Collect$$libinit$$0000000B) for .ARM.Collect$$libinit$$0000000B
    libinit2.o(.ARM.Collect$$libinit$$00000012) refers to libinit2.o(.ARM.Collect$$libinit$$0000000B) for .ARM.Collect$$libinit$$0000000B
    libinit2.o(.ARM.Collect$$libinit$$00000014) refers to libinit2.o(.ARM.Collect$$libinit$$0000000B) for .ARM.Collect$$libinit$$0000000B
    libinit2.o(.ARM.Collect$$libinit$$00000022) refers to argv_veneer.o(.text) for __ARM_argv_veneer
    libinit2.o(.ARM.Collect$$libinit$$00000023) refers to argv_veneer.o(.text) for __ARM_argv_veneer
    rtentry2.o(.ARM.Collect$$rtentry$$00000008) refers to boardinit2.o(.text) for _platform_post_stackheap_init
    rtentry2.o(.ARM.Collect$$rtentry$$0000000A) refers to libinit.o(.ARM.Collect$$libinit$$00000000) for __rt_lib_init
    rtentry2.o(.ARM.Collect$$rtentry$$0000000B) refers to boardinit3.o(.text) for _platform_post_lib_init
    rtentry2.o(.ARM.Collect$$rtentry$$0000000D) refers to smpl_lcd_keypad.o(i.main) for main
    rtentry2.o(.ARM.Collect$$rtentry$$0000000D) refers to exit.o(.text) for exit
    rtentry2.o(.ARM.exidx) refers to rtentry2.o(.ARM.Collect$$rtentry$$00000001) for .ARM.Collect$$rtentry$$00000001
    rtentry2.o(.ARM.exidx) refers to rtentry2.o(.ARM.Collect$$rtentry$$00000008) for .ARM.Collect$$rtentry$$00000008
    rtentry2.o(.ARM.exidx) refers to rtentry2.o(.ARM.Collect$$rtentry$$0000000A) for .ARM.Collect$$rtentry$$0000000A
    rtentry2.o(.ARM.exidx) refers to rtentry2.o(.ARM.Collect$$rtentry$$0000000B) for .ARM.Collect$$rtentry$$0000000B
    rtentry2.o(.ARM.exidx) refers to rtentry2.o(.ARM.Collect$$rtentry$$0000000D) for .ARM.Collect$$rtentry$$0000000D
    rtentry4.o(.ARM.Collect$$rtentry$$00000004) refers to sys_stackheap_outer.o(.text) for __user_setup_stackheap
    rtentry4.o(.ARM.exidx) refers to rtentry4.o(.ARM.Collect$$rtentry$$00000004) for .ARM.Collect$$rtentry$$00000004
    rt_div0.o(.text) refers to defsig_fpe_outer.o(.text) for __rt_SIGFPE
    sys_stackheap_outer.o(.text) refers to libspace.o(.text) for __user_perproc_libspace
    sys_stackheap_outer.o(.text) refers to startup_nuc1xx.o(.text) for __user_initial_stackheap
    sys_stackheap_outer.o(__vectab_stack_and_reset_area) refers to tempstk.o(.text) for __temporary_stack_top
    sys_stackheap_outer.o(__vectab_stack_and_reset_area) refers to __main.o(!!!main) for __main
    exit.o(.text) refers to rtexit.o(.ARM.Collect$$rtexit$$00000000) for __rt_exit
    defsig_fpe_outer.o(.text) refers to defsig_fpe_inner.o(.text) for __rt_SIGFPE_inner
    defsig_fpe_outer.o(.text) refers to defsig_exit.o(.text) for __sig_exit
    defsig_fpe_formal.o(.text) refers to rt_raise.o(.text) for __rt_raise
    _get_argv_nomalloc.o(.text) refers (Special) to hrguard.o(.text) for __heap_region$guard
    _get_argv_nomalloc.o(.text) refers to defsig_rtmem_outer.o(.text) for __rt_SIGRTMEM
    _get_argv_nomalloc.o(.text) refers to sys_command.o(.text) for _sys_command_string
    libinit.o(.ARM.Collect$$libinit$$00000000) refers (Special) to libinit2.o(.ARM.Collect$$libinit$$0000002A) for __rt_lib_init_alloca_1
    libinit.o(.ARM.Collect$$libinit$$00000000) refers (Special) to libinit2.o(.ARM.Collect$$libinit$$00000028) for __rt_lib_init_argv_1
    libinit.o(.ARM.Collect$$libinit$$00000000) refers (Special) to libinit2.o(.ARM.Collect$$libinit$$00000017) for __rt_lib_init_atexit_1
    libinit.o(.ARM.Collect$$libinit$$00000000) refers (Special) to libinit2.o(.ARM.Collect$$libinit$$0000001D) for __rt_lib_init_clock_1
    libinit.o(.ARM.Collect$$libinit$$00000000) refers (Special) to libinit2.o(.ARM.Collect$$libinit$$0000002E) for __rt_lib_init_cpp_1
    libinit.o(.ARM.Collect$$libinit$$00000000) refers (Special) to libinit2.o(.ARM.Collect$$libinit$$0000002C) for __rt_lib_init_exceptions_1
    libinit.o(.ARM.Collect$$libinit$$00000000) refers (Special) to libinit2.o(.ARM.Collect$$libinit$$0000001B) for __rt_lib_init_fp_trap_1
    libinit.o(.ARM.Collect$$libinit$$00000000) refers (Special) to libinit2.o(.ARM.Collect$$libinit$$0000001F) for __rt_lib_init_getenv_1
    libinit.o(.ARM.Collect$$libinit$$00000000) refers (Special) to libinit2.o(.ARM.Collect$$libinit$$00000006) for __rt_lib_init_heap_1
    libinit.o(.ARM.Collect$$libinit$$00000000) refers (Special) to libinit2.o(.ARM.Collect$$libinit$$0000000D) for __rt_lib_init_lc_collate_1
    libinit.o(.ARM.Collect$$libinit$$00000000) refers (Special) to libinit2.o(.ARM.Collect$$libinit$$0000000F) for __rt_lib_init_lc_ctype_1
    libinit.o(.ARM.Collect$$libinit$$00000000) refers (Special) to libinit2.o(.ARM.Collect$$libinit$$00000011) for __rt_lib_init_lc_monetary_1
    libinit.o(.ARM.Collect$$libinit$$00000000) refers (Special) to libinit2.o(.ARM.Collect$$libinit$$00000013) for __rt_lib_init_lc_numeric_1
    libinit.o(.ARM.Collect$$libinit$$00000000) refers (Special) to libinit2.o(.ARM.Collect$$libinit$$00000015) for __rt_lib_init_lc_time_1
    libinit.o(.ARM.Collect$$libinit$$00000000) refers (Special) to libinit2.o(.ARM.Collect$$libinit$$0000000A) for __rt_lib_init_rand_1
    libinit.o(.ARM.Collect$$libinit$$00000000) refers (Special) to libinit2.o(.ARM.Collect$$libinit$$0000002F) for __rt_lib_init_return
    libinit.o(.ARM.Collect$$libinit$$00000000) refers (Special) to libinit2.o(.ARM.Collect$$libinit$$00000019) for __rt_lib_init_signal_1
    libinit.o(.ARM.Collect$$libinit$$00000000) refers (Special) to libinit2.o(.ARM.Collect$$libinit$$00000021) for __rt_lib_init_stdio_1
    libinit.o(.ARM.Collect$$libinit$$00000000) refers (Special) to libinit2.o(.ARM.Collect$$libinit$$00000008) for __rt_lib_init_user_alloc_1
    sys_command.o(.text) refers (Special) to use_no_semi.o(.text) for __I$use$semihosting
    sys_command.o(.text) refers (Special) to indicate_semi.o(.text) for __semihosting_library_function
    libspace.o(.text) refers to libspace.o(.bss) for __libspace_start
    rtexit.o(.ARM.Collect$$rtexit$$00000000) refers (Special) to rtexit2.o(.ARM.Collect$$rtexit$$00000004) for __rt_exit_exit
    rtexit.o(.ARM.Collect$$rtexit$$00000000) refers (Special) to rtexit2.o(.ARM.Collect$$rtexit$$00000003) for __rt_exit_ls
    rtexit.o(.ARM.Collect$$rtexit$$00000000) refers (Special) to rtexit2.o(.ARM.Collect$$rtexit$$00000002) for __rt_exit_prels_1
    rtexit.o(.ARM.exidx) refers (Special) to rtexit2.o(.ARM.Collect$$rtexit$$00000004) for __rt_exit_exit
    rtexit.o(.ARM.exidx) refers (Special) to rtexit2.o(.ARM.Collect$$rtexit$$00000003) for __rt_exit_ls
    rtexit.o(.ARM.exidx) refers (Special) to rtexit2.o(.ARM.Collect$$rtexit$$00000002) for __rt_exit_prels_1
    rtexit.o(.ARM.exidx) refers to rtexit.o(.ARM.Collect$$rtexit$$00000000) for .ARM.Collect$$rtexit$$00000000
    rt_raise.o(.text) refers to __raise.o(.text) for __raise
    rt_raise.o(.text) refers to sys_exit.o(.text) for _sys_exit
    defsig_exit.o(.text) refers to sys_exit.o(.text) for _sys_exit
    defsig_fpe_inner.o(.text) refers to defsig_general.o(.text) for __default_signal_display
    defsig_rtmem_outer.o(.text) refers to defsig_rtmem_inner.o(.text) for __rt_SIGRTMEM_inner
    defsig_rtmem_outer.o(.text) refers to defsig_exit.o(.text) for __sig_exit
    defsig_rtmem_formal.o(.text) refers to rt_raise.o(.text) for __rt_raise
    sys_exit.o(.text) refers (Special) to use_no_semi.o(.text) for __I$use$semihosting
    sys_exit.o(.text) refers (Special) to indicate_semi.o(.text) for __semihosting_library_function
    rtexit2.o(.ARM.Collect$$rtexit$$00000003) refers to libshutdown.o(.ARM.Collect$$libshutdown$$00000000) for __rt_lib_shutdown
    rtexit2.o(.ARM.Collect$$rtexit$$00000004) refers to sys_exit.o(.text) for _sys_exit
    rtexit2.o(.ARM.exidx) refers to rtexit2.o(.ARM.Collect$$rtexit$$00000001) for .ARM.Collect$$rtexit$$00000001
    rtexit2.o(.ARM.exidx) refers to rtexit2.o(.ARM.Collect$$rtexit$$00000003) for .ARM.Collect$$rtexit$$00000003
    rtexit2.o(.ARM.exidx) refers to rtexit2.o(.ARM.Collect$$rtexit$$00000004) for .ARM.Collect$$rtexit$$00000004
    __raise.o(.text) refers to defsig.o(CL$$defsig) for __default_signal_handler
    defsig_general.o(.text) refers to sys_wrch.o(.text) for _ttywrch
    defsig_rtmem_inner.o(.text) refers to defsig_general.o(.text) for __default_signal_display
    sys_wrch.o(.text) refers (Special) to use_no_semi.o(.text) for __I$use$semihosting
    sys_wrch.o(.text) refers (Special) to indicate_semi.o(.text) for __semihosting_library_function
    defsig.o(CL$$defsig) refers to defsig_fpe_inner.o(.text) for __rt_SIGFPE_inner
    defsig.o(CL$$defsig) refers to defsig_rtmem_inner.o(.text) for __rt_SIGRTMEM_inner
    libshutdown.o(.ARM.Collect$$libshutdown$$00000000) refers (Special) to libshutdown2.o(.ARM.Collect$$libshutdown$$00000006) for __rt_lib_shutdown_fp_trap_1
    libshutdown.o(.ARM.Collect$$libshutdown$$00000000) refers (Special) to libshutdown2.o(.ARM.Collect$$libshutdown$$0000000E) for __rt_lib_shutdown_heap_1
    libshutdown.o(.ARM.Collect$$libshutdown$$00000000) refers (Special) to libshutdown2.o(.ARM.Collect$$libshutdown$$0000000F) for __rt_lib_shutdown_return
    libshutdown.o(.ARM.Collect$$libshutdown$$00000000) refers (Special) to libshutdown2.o(.ARM.Collect$$libshutdown$$00000009) for __rt_lib_shutdown_signal_1
    libshutdown.o(.ARM.Collect$$libshutdown$$00000000) refers (Special) to libshutdown2.o(.ARM.Collect$$libshutdown$$00000003) for __rt_lib_shutdown_stdio_1
    libshutdown.o(.ARM.Collect$$libshutdown$$00000000) refers (Special) to libshutdown2.o(.ARM.Collect$$libshutdown$$0000000B) for __rt_lib_shutdown_user_alloc_1
    defsig_abrt_inner.o(.text) refers to defsig_general.o(.text) for __default_signal_display
    defsig_rtred_inner.o(.text) refers to defsig_general.o(.text) for __default_signal_display
    defsig_stak_inner.o(.text) refers to defsig_general.o(.text) for __default_signal_display
    defsig_pvfn_inner.o(.text) refers to defsig_general.o(.text) for __default_signal_display
    defsig_cppl_inner.o(.text) refers to defsig_general.o(.text) for __default_signal_display
    defsig_segv_inner.o(.text) refers to defsig_general.o(.text) for __default_signal_display
    defsig_other.o(.text) refers to defsig_general.o(.text) for __default_signal_display


==============================================================================

Removing Unused input sections from the image.

    Removing core_cm0.o(.emb_text), (32 bytes).
    Removing system_nuc1xx.o(i.SystemCoreClockUpdate), (160 bytes).
    Removing system_nuc1xx.o(.data), (28 bytes).
    Removing smpl_lcd_keypad.o(i.Delay), (12 bytes).
    Removing scankey.o(i.CloseKeyPad), (24 bytes).
    Removing lcd_driver.o(i.Disable_Buzzer), (22 bytes).
    Removing lcd_driver.o(i.SysTimerDelay), (36 bytes).
    Removing drvgpio.o(i.DrvGPIO_Close), (64 bytes).
    Removing drvgpio.o(i.DrvGPIO_ClrBitMask), (28 bytes).
    Removing drvgpio.o(i.DrvGPIO_ClrPortMask), (28 bytes).
    Removing drvgpio.o(i.DrvGPIO_DisableDebounce), (44 bytes).
    Removing drvgpio.o(i.DrvGPIO_DisableDigitalInputBit), (36 bytes).
    Removing drvgpio.o(i.DrvGPIO_DisableEINT0), (28 bytes).
    Removing drvgpio.o(i.DrvGPIO_DisableEINT1), (28 bytes).
    Removing drvgpio.o(i.DrvGPIO_DisableInt), (72 bytes).
    Removing drvgpio.o(i.DrvGPIO_EnableDebounce), (48 bytes).
    Removing drvgpio.o(i.DrvGPIO_EnableDigitalInputBit), (36 bytes).
    Removing drvgpio.o(i.DrvGPIO_EnableEINT0), (128 bytes).
    Removing drvgpio.o(i.DrvGPIO_EnableEINT1), (128 bytes).
    Removing drvgpio.o(i.DrvGPIO_EnableInt), (224 bytes).
    Removing drvgpio.o(i.DrvGPIO_GetBitMask), (24 bytes).
    Removing drvgpio.o(i.DrvGPIO_GetDebounceSampleCycle), (16 bytes).
    Removing drvgpio.o(i.DrvGPIO_GetDoutBit), (36 bytes).
    Removing drvgpio.o(i.DrvGPIO_GetIntStatus), (16 bytes).
    Removing drvgpio.o(i.DrvGPIO_GetPortBits), (16 bytes).
    Removing drvgpio.o(i.DrvGPIO_GetPortDoutBits), (28 bytes).
    Removing drvgpio.o(i.DrvGPIO_GetPortMask), (16 bytes).
    Removing drvgpio.o(i.DrvGPIO_GetVersion), (8 bytes).
    Removing drvgpio.o(i.DrvGPIO_InitFunction), (1880 bytes).
    Removing drvgpio.o(i.DrvGPIO_SetBitMask), (28 bytes).
    Removing drvgpio.o(i.DrvGPIO_SetDebounceTime), (64 bytes).
    Removing drvgpio.o(i.DrvGPIO_SetIntCallback), (20 bytes).
    Removing drvgpio.o(i.DrvGPIO_SetPortBits), (20 bytes).
    Removing drvgpio.o(i.DrvGPIO_SetPortMask), (28 bytes).
    Removing drvgpio.o(i.NVIC_DisableIRQ), (20 bytes).
    Removing drvgpio.o(i.NVIC_EnableIRQ), (20 bytes).
    Removing drvgpio.o(i.NVIC_SetPriority), (120 bytes).
    Removing drvgpio.o(i.__ARM_common_switch8), (28 bytes).

38 unused section(s) (total 3594 bytes) removed from the image.

==============================================================================

Image Symbol Table

    Local Symbols

    Symbol Name                              Value     Ov Type        Size  Object(Section)

    RESET                                    0x00000000   Section      192  startup_nuc1xx.o(RESET)
    ../../angel/boardlib.s                   0x00000000   Number         0  boardshut.o ABSOLUTE
    ../../angel/boardlib.s                   0x00000000   Number         0  boardinit3.o ABSOLUTE
    ../../angel/boardlib.s                   0x00000000   Number         0  boardinit2.o ABSOLUTE
    ../../angel/boardlib.s                   0x00000000   Number         0  boardinit1.o ABSOLUTE
    ../../angel/handlers.s                   0x00000000   Number         0  __scatter_copy.o ABSOLUTE
    ../../angel/handlers.s                   0x00000000   Number         0  __scatter_zi.o ABSOLUTE
    ../../angel/kernel.s                     0x00000000   Number         0  rtentry4.o ABSOLUTE
    ../../angel/kernel.s                     0x00000000   Number         0  rtentry2.o ABSOLUTE
    ../../angel/kernel.s                     0x00000000   Number         0  rtexit2.o ABSOLUTE
    ../../angel/kernel.s                     0x00000000   Number         0  rtexit.o ABSOLUTE
    ../../angel/kernel.s                     0x00000000   Number         0  rtentry.o ABSOLUTE
    ../../angel/rt.s                         0x00000000   Number         0  rt_div0.o ABSOLUTE
    ../../angel/rt.s                         0x00000000   Number         0  rt_raise.o ABSOLUTE
    ../../angel/rt.s                         0x00000000   Number         0  aeabi_idiv0_sigfpe.o ABSOLUTE
    ../../angel/rt.s                         0x00000000   Number         0  aeabi_idiv0.o ABSOLUTE
    ../../angel/scatterp.s                   0x00000000   Number         0  __scatter.o ABSOLUTE
    ../../angel/startup.s                    0x00000000   Number         0  __main.o ABSOLUTE
    ../../angel/sys.s                        0x00000000   Number         0  sys_stackheap_outer.o ABSOLUTE
    ../../angel/sys.s                        0x00000000   Number         0  indicate_semi.o ABSOLUTE
    ../../angel/sys.s                        0x00000000   Number         0  libspace.o ABSOLUTE
    ../../angel/sys.s                        0x00000000   Number         0  tempstk.o ABSOLUTE
    ../../angel/sys.s                        0x00000000   Number         0  use_no_semi.o ABSOLUTE
    ../../angel/sysapp.c                     0x00000000   Number         0  sys_command.o ABSOLUTE
    ../../angel/sysapp.c                     0x00000000   Number         0  sys_wrch.o ABSOLUTE
    ../../angel/sysapp.c                     0x00000000   Number         0  sys_exit.o ABSOLUTE
    ../../armsys.c                           0x00000000   Number         0  argv_veneer.o ABSOLUTE
    ../../armsys.c                           0x00000000   Number         0  no_argv.o ABSOLUTE
    ../../armsys.c                           0x00000000   Number         0  _get_argv_nomalloc.o ABSOLUTE
    ../../cfplib/d2f.c                       0x00000000   Number         0  d2f.o ABSOLUTE
    ../../cfplib/dmul.c                      0x00000000   Number         0  dmul.o ABSOLUTE
    ../../cfplib/f2d.c                       0x00000000   Number         0  f2d.o ABSOLUTE
    ../../cfplib/ffix.c                      0x00000000   Number         0  ffixi.o ABSOLUTE
    ../../cfplib/fpinit.c                    0x00000000   Number         0  fpinit.o ABSOLUTE
    ../../division.c                         0x00000000   Number         0  rtudiv10.o ABSOLUTE
    ../../division.s                         0x00000000   Number         0  aeabi_sdiv.o ABSOLUTE
    ../../division.s                         0x00000000   Number         0  aeabi_sdiv_div0.o ABSOLUTE
    ../../heapalloc.c                        0x00000000   Number         0  hrguard.o ABSOLUTE
    ../../heapaux.c                          0x00000000   Number         0  heapauxi.o ABSOLUTE
    ../../libinit.s                          0x00000000   Number         0  libinit.o ABSOLUTE
    ../../libinit.s                          0x00000000   Number         0  libinit2.o ABSOLUTE
    ../../libinit.s                          0x00000000   Number         0  libshutdown.o ABSOLUTE
    ../../libinit.s                          0x00000000   Number         0  libshutdown2.o ABSOLUTE
    ../../printf.c                           0x00000000   Number         0  __printf_nopercent.o ABSOLUTE
    ../../printf.c                           0x00000000   Number         0  _printf_char_common.o ABSOLUTE
    ../../printf.c                           0x00000000   Number         0  noretval__2sprintf.o ABSOLUTE
    ../../printf.c                           0x00000000   Number         0  __printf.o ABSOLUTE
    ../../printf.c                           0x00000000   Number         0  _printf_dec.o ABSOLUTE
    ../../printf.c                           0x00000000   Number         0  __printf_flags.o ABSOLUTE
    ../../printf.c                           0x00000000   Number         0  __printf_ss.o ABSOLUTE
    ../../printf.c                           0x00000000   Number         0  __printf_flags_ss.o ABSOLUTE
    ../../printf.c                           0x00000000   Number         0  __printf_wp.o ABSOLUTE
    ../../printf.c                           0x00000000   Number         0  __printf_flags_wp.o ABSOLUTE
    ../../printf.c                           0x00000000   Number         0  __printf_ss_wp.o ABSOLUTE
    ../../printf.c                           0x00000000   Number         0  __printf_flags_ss_wp.o ABSOLUTE
    ../../printf.c                           0x00000000   Number         0  _printf_intcommon.o ABSOLUTE
    ../../printf.c                           0x00000000   Number         0  _sputc.o ABSOLUTE
    ../../printf.c                           0x00000000   Number         0  __2sprintf.o ABSOLUTE
    ../../printf_percent.s                   0x00000000   Number         0  _printf_percent.o ABSOLUTE
    ../../printf_percent.s                   0x00000000   Number         0  _printf_d.o ABSOLUTE
    ../../printf_percent.s                   0x00000000   Number         0  _printf_percent_end.o ABSOLUTE
    ../../signal.c                           0x00000000   Number         0  defsig_cppl_inner.o ABSOLUTE
    ../../signal.c                           0x00000000   Number         0  defsig_abrt_inner.o ABSOLUTE
    ../../signal.c                           0x00000000   Number         0  defsig_stak_inner.o ABSOLUTE
    ../../signal.c                           0x00000000   Number         0  defsig_rtmem_inner.o ABSOLUTE
    ../../signal.c                           0x00000000   Number         0  __raise.o ABSOLUTE
    ../../signal.c                           0x00000000   Number         0  defsig_other.o ABSOLUTE
    ../../signal.c                           0x00000000   Number         0  defsig_rtmem_formal.o ABSOLUTE
    ../../signal.c                           0x00000000   Number         0  defsig_rtmem_outer.o ABSOLUTE
    ../../signal.c                           0x00000000   Number         0  defsig_fpe_inner.o ABSOLUTE
    ../../signal.c                           0x00000000   Number         0  defsig_exit.o ABSOLUTE
    ../../signal.c                           0x00000000   Number         0  defsig_pvfn_inner.o ABSOLUTE
    ../../signal.c                           0x00000000   Number         0  defsig_segv_inner.o ABSOLUTE
    ../../signal.c                           0x00000000   Number         0  defsig_rtred_inner.o ABSOLUTE
    ../../signal.c                           0x00000000   Number         0  defsig_fpe_formal.o ABSOLUTE
    ../../signal.c                           0x00000000   Number         0  defsig_fpe_outer.o ABSOLUTE
    ../../signal.c                           0x00000000   Number         0  defsig_general.o ABSOLUTE
    ../../signal.s                           0x00000000   Number         0  defsig.o ABSOLUTE
    ../../stdlib.c                           0x00000000   Number         0  rand.o ABSOLUTE
    ../../stdlib.c                           0x00000000   Number         0  rand.o ABSOLUTE
    ../../stdlib.c                           0x00000000   Number         0  exit.o ABSOLUTE
    ../../usenofp.s                          0x00000000   Number         0  usenofp.o ABSOLUTE
    ..\..\CMSIS\core_cm0.c                   0x00000000   Number         0  core_cm0.o ABSOLUTE
    ..\..\CMSIS\startup_NUC1xx.s             0x00000000   Number         0  startup_nuc1xx.o ABSOLUTE
    ..\..\CMSIS\system_NUC1xx.c              0x00000000   Number         0  system_nuc1xx.o ABSOLUTE
    ..\..\Driver\Src\Driver\DrvGPIO.c        0x00000000   Number         0  drvgpio.o ABSOLUTE
    ..\..\Driver\Src\NUC1xx-LB_002\Ascii_Table.C 0x00000000   Number         0  ascii_table.o ABSOLUTE
    ..\..\Driver\Src\NUC1xx-LB_002\ScanKey.c 0x00000000   Number         0  scankey.o ABSOLUTE
    ..\..\Driver\Src\NUC1xx-LB_002\Seven_Segment.c 0x00000000   Number         0  seven_segment.o ABSOLUTE
    ..\LCD_Driver.c                          0x00000000   Number         0  lcd_driver.o ABSOLUTE
    ..\\..\\CMSIS\\core_cm0.c                0x00000000   Number         0  core_cm0.o ABSOLUTE
    Smpl_LCD_Keypad.c                        0x00000000   Number         0  smpl_lcd_keypad.o ABSOLUTE
    !!!main                                  0x000000c0   Section        8  __main.o(!!!main)
    !!!scatter                               0x000000c8   Section       60  __scatter.o(!!!scatter)
    !!handler_copy                           0x00000104   Section       26  __scatter_copy.o(!!handler_copy)
    !!handler_zi                             0x00000120   Section       28  __scatter_zi.o(!!handler_zi)
    .ARM.Collect$$_printf_percent$$00000000  0x0000013c   Section        2  _printf_percent.o(.ARM.Collect$$_printf_percent$$00000000)
    .ARM.Collect$$_printf_percent$$00000009  0x0000013e   Section       10  _printf_d.o(.ARM.Collect$$_printf_percent$$00000009)
    .ARM.Collect$$_printf_percent$$00000017  0x00000148   Section        4  _printf_percent_end.o(.ARM.Collect$$_printf_percent$$00000017)
    .ARM.Collect$$libinit$$00000000          0x0000014c   Section        6  libinit.o(.ARM.Collect$$libinit$$00000000)
    .ARM.Collect$$libinit$$00000006          0x00000152   Section        0  libinit2.o(.ARM.Collect$$libinit$$00000006)
    .ARM.Collect$$libinit$$00000008          0x00000152   Section        0  libinit2.o(.ARM.Collect$$libinit$$00000008)
    .ARM.Collect$$libinit$$00000009          0x00000152   Section        4  libinit2.o(.ARM.Collect$$libinit$$00000009)
    .ARM.Collect$$libinit$$0000000A          0x00000156   Section        0  libinit2.o(.ARM.Collect$$libinit$$0000000A)
    .ARM.Collect$$libinit$$0000000D          0x00000156   Section        0  libinit2.o(.ARM.Collect$$libinit$$0000000D)
    .ARM.Collect$$libinit$$0000000F          0x00000156   Section        0  libinit2.o(.ARM.Collect$$libinit$$0000000F)
    .ARM.Collect$$libinit$$00000011          0x00000156   Section        0  libinit2.o(.ARM.Collect$$libinit$$00000011)
    .ARM.Collect$$libinit$$00000013          0x00000156   Section        0  libinit2.o(.ARM.Collect$$libinit$$00000013)
    .ARM.Collect$$libinit$$00000015          0x00000156   Section        0  libinit2.o(.ARM.Collect$$libinit$$00000015)
    .ARM.Collect$$libinit$$00000017          0x00000156   Section        0  libinit2.o(.ARM.Collect$$libinit$$00000017)
    .ARM.Collect$$libinit$$00000019          0x00000156   Section        0  libinit2.o(.ARM.Collect$$libinit$$00000019)
    .ARM.Collect$$libinit$$0000001B          0x00000156   Section        0  libinit2.o(.ARM.Collect$$libinit$$0000001B)
    .ARM.Collect$$libinit$$0000001D          0x00000156   Section        0  libinit2.o(.ARM.Collect$$libinit$$0000001D)
    .ARM.Collect$$libinit$$0000001F          0x00000156   Section        0  libinit2.o(.ARM.Collect$$libinit$$0000001F)
    .ARM.Collect$$libinit$$00000021          0x00000156   Section        0  libinit2.o(.ARM.Collect$$libinit$$00000021)
    .ARM.Collect$$libinit$$00000028          0x00000156   Section        0  libinit2.o(.ARM.Collect$$libinit$$00000028)
    .ARM.Collect$$libinit$$0000002A          0x00000156   Section        0  libinit2.o(.ARM.Collect$$libinit$$0000002A)
    .ARM.Collect$$libinit$$0000002C          0x00000156   Section        0  libinit2.o(.ARM.Collect$$libinit$$0000002C)
    .ARM.Collect$$libinit$$0000002E          0x00000156   Section        0  libinit2.o(.ARM.Collect$$libinit$$0000002E)
    .ARM.Collect$$libinit$$0000002F          0x00000156   Section        2  libinit2.o(.ARM.Collect$$libinit$$0000002F)
    .ARM.Collect$$libshutdown$$00000000      0x00000158   Section        2  libshutdown.o(.ARM.Collect$$libshutdown$$00000000)
    .ARM.Collect$$libshutdown$$00000003      0x0000015a   Section        0  libshutdown2.o(.ARM.Collect$$libshutdown$$00000003)
    .ARM.Collect$$libshutdown$$00000006      0x0000015a   Section        0  libshutdown2.o(.ARM.Collect$$libshutdown$$00000006)
    .ARM.Collect$$libshutdown$$00000009      0x0000015a   Section        0  libshutdown2.o(.ARM.Collect$$libshutdown$$00000009)
    .ARM.Collect$$libshutdown$$0000000B      0x0000015a   Section        0  libshutdown2.o(.ARM.Collect$$libshutdown$$0000000B)
    .ARM.Collect$$libshutdown$$0000000E      0x0000015a   Section        0  libshutdown2.o(.ARM.Collect$$libshutdown$$0000000E)
    .ARM.Collect$$libshutdown$$0000000F      0x0000015a   Section        2  libshutdown2.o(.ARM.Collect$$libshutdown$$0000000F)
    .ARM.Collect$$rtentry$$00000000          0x0000015c   Section        0  rtentry.o(.ARM.Collect$$rtentry$$00000000)
    .ARM.Collect$$rtentry$$00000002          0x0000015c   Section        0  rtentry2.o(.ARM.Collect$$rtentry$$00000002)
    .ARM.Collect$$rtentry$$00000004          0x0000015c   Section        6  rtentry4.o(.ARM.Collect$$rtentry$$00000004)
    .ARM.Collect$$rtentry$$00000009          0x00000162   Section        0  rtentry2.o(.ARM.Collect$$rtentry$$00000009)
    .ARM.Collect$$rtentry$$0000000A          0x00000162   Section        4  rtentry2.o(.ARM.Collect$$rtentry$$0000000A)
    .ARM.Collect$$rtentry$$0000000C          0x00000166   Section        0  rtentry2.o(.ARM.Collect$$rtentry$$0000000C)
    .ARM.Collect$$rtentry$$0000000D          0x00000166   Section        8  rtentry2.o(.ARM.Collect$$rtentry$$0000000D)
    .ARM.Collect$$rtexit$$00000000           0x0000016e   Section        2  rtexit.o(.ARM.Collect$$rtexit$$00000000)
    .ARM.Collect$$rtexit$$00000002           0x00000170   Section        0  rtexit2.o(.ARM.Collect$$rtexit$$00000002)
    .ARM.Collect$$rtexit$$00000003           0x00000170   Section        4  rtexit2.o(.ARM.Collect$$rtexit$$00000003)
    .ARM.Collect$$rtexit$$00000004           0x00000174   Section        6  rtexit2.o(.ARM.Collect$$rtexit$$00000004)
    .emb_text                                0x0000017c   Section       56  rand.o(.emb_text)
    .text                                    0x000001b4   Section      100  startup_nuc1xx.o(.text)
    Default_Handler                          0x000001df   Thumb Code     2  startup_nuc1xx.o(.text)
    .text                                    0x00000218   Section        0  noretval__2sprintf.o(.text)
    .text                                    0x00000240   Section        0  __printf.o(.text)
    .text                                    0x000002b0   Section        0  _printf_dec.o(.text)
    .text                                    0x0000031c   Section        0  rand.o(.text)
    .text                                    0x0000035c   Section      346  aeabi_sdiv.o(.text)
    .text                                    0x000004b6   Section        0  heapauxi.o(.text)
    .text                                    0x000004bc   Section        0  d2f.o(.text)
    .text                                    0x00000538   Section        0  dmul.o(.text)
    .text                                    0x000007c8   Section        0  f2d.o(.text)
    .text                                    0x00000818   Section        0  ffixi.o(.text)
    .text                                    0x00000864   Section        0  _printf_intcommon.o(.text)
    .text                                    0x00000914   Section        0  _printf_char_common.o(.text)
    _printf_input_char                       0x00000915   Thumb Code    10  _printf_char_common.o(.text)
    .text                                    0x00000944   Section        0  _sputc.o(.text)
    .text                                    0x0000094e   Section        0  rtudiv10.o(.text)
    .text                                    0x00000976   Section       62  sys_stackheap_outer.o(.text)
    .text                                    0x000009b4   Section        0  exit.o(.text)
    .text                                    0x000009c0   Section        8  libspace.o(.text)
    .text                                    0x000009c8   Section        0  sys_exit.o(.text)
    .text                                    0x000009d4   Section        2  use_no_semi.o(.text)
    .text                                    0x000009d6   Section        0  indicate_semi.o(.text)
    i.DrvGPIO_ClrBit                         0x000009d8   Section        0  drvgpio.o(i.DrvGPIO_ClrBit)
    i.DrvGPIO_GetBit                         0x00000a04   Section        0  drvgpio.o(i.DrvGPIO_GetBit)
    i.DrvGPIO_Open                           0x00000a2c   Section        0  drvgpio.o(i.DrvGPIO_Open)
    i.DrvGPIO_SetBit                         0x00000aa4   Section        0  drvgpio.o(i.DrvGPIO_SetBit)
    i.EINT0_IRQHandler                       0x00000ad0   Section        0  drvgpio.o(i.EINT0_IRQHandler)
    i.EINT1_IRQHandler                       0x00000af4   Section        0  drvgpio.o(i.EINT1_IRQHandler)
    i.GPAB_IRQHandler                        0x00000b18   Section        0  drvgpio.o(i.GPAB_IRQHandler)
    i.GPCDE_IRQHandler                       0x00000b54   Section        0  drvgpio.o(i.GPCDE_IRQHandler)
    i.GetRand                                0x00000b94   Section        0  smpl_lcd_keypad.o(i.GetRand)
    i.InitData                               0x00000ba8   Section        0  smpl_lcd_keypad.o(i.InitData)
    i.Initial_panel                          0x00000bc0   Section        0  lcd_driver.o(i.Initial_panel)
    i.LoadBuf                                0x00000dd8   Section        0  smpl_lcd_keypad.o(i.LoadBuf)
    i.LoadImg                                0x00000e0c   Section        0  smpl_lcd_keypad.o(i.LoadImg)
    i.LoadIndex                              0x00000f40   Section        0  smpl_lcd_keypad.o(i.LoadIndex)
    i.Loadres                                0x00000f7c   Section        0  smpl_lcd_keypad.o(i.Loadres)
    i.OpenKeyPad                             0x00000ffc   Section        0  scankey.o(i.OpenKeyPad)
    i.Scankey                                0x00001018   Section        0  scankey.o(i.Scankey)
    i.SetPACA                                0x0000109c   Section        0  lcd_driver.o(i.SetPACA)
    i.Show_Word                              0x00001190   Section        0  lcd_driver.o(i.Show_Word)
    i.SystemInit                             0x00001208   Section        0  system_nuc1xx.o(i.SystemInit)
    i.WriteData                              0x0000120c   Section        0  lcd_driver.o(i.WriteData)
    i.close_seven_segment                    0x00001264   Section        0  seven_segment.o(i.close_seven_segment)
    i.clr_all_panel                          0x00001288   Section        0  lcd_driver.o(i.clr_all_panel)
    i.delay                                  0x000012b0   Section        0  scankey.o(i.delay)
    i.draw_LCD                               0x000012c0   Section        0  lcd_driver.o(i.draw_LCD)
    i.main                                   0x00001304   Section        0  smpl_lcd_keypad.o(i.main)
    i.print_lcd                              0x000014fc   Section        0  lcd_driver.o(i.print_lcd)
    i.seg_display                            0x00001524   Section        0  smpl_lcd_keypad.o(i.seg_display)
    i.show_seven_segment                     0x00001614   Section        0  seven_segment.o(i.show_seven_segment)
    .constdata                               0x00001654   Section       15  smpl_lcd_keypad.o(.constdata)
    x$fpl$usenofp                            0x00001654   Section        0  usenofp.o(x$fpl$usenofp)
    .constdata                               0x00001664   Section        4  scankey.o(.constdata)
    .data                                    0x20000000   Section      480  smpl_lcd_keypad.o(.data)
    .data                                    0x200001e0   Section     1520  ascii_table.o(.data)
    .data                                    0x200007d0   Section       10  seven_segment.o(.data)
    .data                                    0x200007dc   Section       16  lcd_driver.o(.data)
    .data                                    0x200007ec   Section       16  drvgpio.o(.data)
    _pfGPABCallback                          0x200007ec   Data           4  drvgpio.o(.data)
    _pfGPCDECallback                         0x200007f0   Data           4  drvgpio.o(.data)
    _pfEINT0Callback                         0x200007f4   Data           4  drvgpio.o(.data)
    _pfEINT1Callback                         0x200007f8   Data           4  drvgpio.o(.data)
    .bss                                     0x200007fc   Section     2048  smpl_lcd_keypad.o(.bss)
    .bss                                     0x20000ffc   Section      228  rand.o(.bss)
    .bss                                     0x200010e0   Section       96  libspace.o(.bss)
    HEAP                                     0x20001140   Section        0  startup_nuc1xx.o(HEAP)
    STACK                                    0x20001140   Section     1024  startup_nuc1xx.o(STACK)
    Heap_Mem                                 0x20001140   Data           0  startup_nuc1xx.o(HEAP)
    Stack_Mem                                0x20001140   Data        1024  startup_nuc1xx.o(STACK)
    __initial_sp                             0x20001540   Data           0  startup_nuc1xx.o(STACK)

    Global Symbols

    Symbol Name                              Value     Ov Type        Size  Object(Section)

    BuildAttributes$$THM_ISAv3M$S$PE$A:L22$X:L11$S22$IEEE1$IW$USESV6$~STKCKD$USESV7$~SHL$OSPACE$ROPI$EBA8$UX$STANDARDLIB$REQ8$PRES8$EABIv2 0x00000000   Number         0  anon$$obj.o ABSOLUTE
    __ARM_use_no_argv                        0x00000000   Number         0  smpl_lcd_keypad.o ABSOLUTE
    __Vectors                                0x00000000   Data           4  startup_nuc1xx.o(RESET)
    __ARM_exceptions_init                     - Undefined Weak Reference
    __alloca_initialize                       - Undefined Weak Reference
    __cpp_initialize__aeabi_                  - Undefined Weak Reference
    __cxa_finalize                            - Undefined Weak Reference
    __rt_locale                               - Undefined Weak Reference
    __sigvec_lookup                           - Undefined Weak Reference
    _atexit_init                              - Undefined Weak Reference
    _call_atexit_fns                          - Undefined Weak Reference
    _clock_init                               - Undefined Weak Reference
    _fp_trap_init                             - Undefined Weak Reference
    _fp_trap_shutdown                         - Undefined Weak Reference
    _get_lc_collate                           - Undefined Weak Reference
    _get_lc_ctype                             - Undefined Weak Reference
    _get_lc_monetary                          - Undefined Weak Reference
    _get_lc_numeric                           - Undefined Weak Reference
    _get_lc_time                              - Undefined Weak Reference
    _getenv_init                              - Undefined Weak Reference
    _handle_redirection                       - Undefined Weak Reference
    _init_alloc                               - Undefined Weak Reference
    _init_user_alloc                          - Undefined Weak Reference
    _initio                                   - Undefined Weak Reference
    _printf_post_padding                      - Undefined Weak Reference
    _printf_pre_padding                       - Undefined Weak Reference
    _printf_truncate_signed                   - Undefined Weak Reference
    _printf_truncate_unsigned                 - Undefined Weak Reference
    _signal_finish                            - Undefined Weak Reference
    _signal_init                              - Undefined Weak Reference
    _terminate_alloc                          - Undefined Weak Reference
    _terminate_user_alloc                     - Undefined Weak Reference
    _terminateio                              - Undefined Weak Reference
    __main                                   0x000000c1   Thumb Code     8  __main.o(!!!main)
    __scatterload                            0x000000c9   Thumb Code     0  __scatter.o(!!!scatter)
    __scatterload_rt2                        0x000000c9   Thumb Code    52  __scatter.o(!!!scatter)
    __scatterload_rt2_thumb_only             0x000000c9   Thumb Code     0  __scatter.o(!!!scatter)
    __scatterload_null                       0x000000d9   Thumb Code     0  __scatter.o(!!!scatter)
    __scatterload_copy                       0x00000105   Thumb Code    26  __scatter_copy.o(!!handler_copy)
    __scatterload_zeroinit                   0x00000121   Thumb Code    28  __scatter_zi.o(!!handler_zi)
    _printf_percent                          0x0000013d   Thumb Code     0  _printf_percent.o(.ARM.Collect$$_printf_percent$$00000000)
    _printf_d                                0x0000013f   Thumb Code     0  _printf_d.o(.ARM.Collect$$_printf_percent$$00000009)
    _printf_percent_end                      0x00000149   Thumb Code     0  _printf_percent_end.o(.ARM.Collect$$_printf_percent$$00000017)
    __rt_lib_init                            0x0000014d   Thumb Code     0  libinit.o(.ARM.Collect$$libinit$$00000000)
    __rt_lib_init_heap_1                     0x00000153   Thumb Code     0  libinit2.o(.ARM.Collect$$libinit$$00000006)
    __rt_lib_init_rand_2                     0x00000153   Thumb Code     0  libinit2.o(.ARM.Collect$$libinit$$00000009)
    __rt_lib_init_user_alloc_1               0x00000153   Thumb Code     0  libinit2.o(.ARM.Collect$$libinit$$00000008)
    __rt_lib_init_alloca_1                   0x00000157   Thumb Code     0  libinit2.o(.ARM.Collect$$libinit$$0000002A)
    __rt_lib_init_argv_1                     0x00000157   Thumb Code     0  libinit2.o(.ARM.Collect$$libinit$$00000028)
    __rt_lib_init_atexit_1                   0x00000157   Thumb Code     0  libinit2.o(.ARM.Collect$$libinit$$00000017)
    __rt_lib_init_clock_1                    0x00000157   Thumb Code     0  libinit2.o(.ARM.Collect$$libinit$$0000001D)
    __rt_lib_init_cpp_1                      0x00000157   Thumb Code     0  libinit2.o(.ARM.Collect$$libinit$$0000002E)
    __rt_lib_init_exceptions_1               0x00000157   Thumb Code     0  libinit2.o(.ARM.Collect$$libinit$$0000002C)
    __rt_lib_init_fp_trap_1                  0x00000157   Thumb Code     0  libinit2.o(.ARM.Collect$$libinit$$0000001B)
    __rt_lib_init_getenv_1                   0x00000157   Thumb Code     0  libinit2.o(.ARM.Collect$$libinit$$0000001F)
    __rt_lib_init_lc_collate_1               0x00000157   Thumb Code     0  libinit2.o(.ARM.Collect$$libinit$$0000000D)
    __rt_lib_init_lc_ctype_1                 0x00000157   Thumb Code     0  libinit2.o(.ARM.Collect$$libinit$$0000000F)
    __rt_lib_init_lc_monetary_1              0x00000157   Thumb Code     0  libinit2.o(.ARM.Collect$$libinit$$00000011)
    __rt_lib_init_lc_numeric_1               0x00000157   Thumb Code     0  libinit2.o(.ARM.Collect$$libinit$$00000013)
    __rt_lib_init_lc_time_1                  0x00000157   Thumb Code     0  libinit2.o(.ARM.Collect$$libinit$$00000015)
    __rt_lib_init_rand_1                     0x00000157   Thumb Code     0  libinit2.o(.ARM.Collect$$libinit$$0000000A)
    __rt_lib_init_return                     0x00000157   Thumb Code     0  libinit2.o(.ARM.Collect$$libinit$$0000002F)
    __rt_lib_init_signal_1                   0x00000157   Thumb Code     0  libinit2.o(.ARM.Collect$$libinit$$00000019)
    __rt_lib_init_stdio_1                    0x00000157   Thumb Code     0  libinit2.o(.ARM.Collect$$libinit$$00000021)
    __rt_lib_shutdown                        0x00000159   Thumb Code     0  libshutdown.o(.ARM.Collect$$libshutdown$$00000000)
    __rt_lib_shutdown_fp_trap_1              0x0000015b   Thumb Code     0  libshutdown2.o(.ARM.Collect$$libshutdown$$00000006)
    __rt_lib_shutdown_heap_1                 0x0000015b   Thumb Code     0  libshutdown2.o(.ARM.Collect$$libshutdown$$0000000E)
    __rt_lib_shutdown_return                 0x0000015b   Thumb Code     0  libshutdown2.o(.ARM.Collect$$libshutdown$$0000000F)
    __rt_lib_shutdown_signal_1               0x0000015b   Thumb Code     0  libshutdown2.o(.ARM.Collect$$libshutdown$$00000009)
    __rt_lib_shutdown_stdio_1                0x0000015b   Thumb Code     0  libshutdown2.o(.ARM.Collect$$libshutdown$$00000003)
    __rt_lib_shutdown_user_alloc_1           0x0000015b   Thumb Code     0  libshutdown2.o(.ARM.Collect$$libshutdown$$0000000B)
    __rt_entry                               0x0000015d   Thumb Code     0  rtentry.o(.ARM.Collect$$rtentry$$00000000)
    __rt_entry_presh_1                       0x0000015d   Thumb Code     0  rtentry2.o(.ARM.Collect$$rtentry$$00000002)
    __rt_entry_sh                            0x0000015d   Thumb Code     0  rtentry4.o(.ARM.Collect$$rtentry$$00000004)
    __rt_entry_li                            0x00000163   Thumb Code     0  rtentry2.o(.ARM.Collect$$rtentry$$0000000A)
    __rt_entry_postsh_1                      0x00000163   Thumb Code     0  rtentry2.o(.ARM.Collect$$rtentry$$00000009)
    __rt_entry_main                          0x00000167   Thumb Code     0  rtentry2.o(.ARM.Collect$$rtentry$$0000000D)
    __rt_entry_postli_1                      0x00000167   Thumb Code     0  rtentry2.o(.ARM.Collect$$rtentry$$0000000C)
    __rt_exit                                0x0000016f   Thumb Code     0  rtexit.o(.ARM.Collect$$rtexit$$00000000)
    __rt_exit_ls                             0x00000171   Thumb Code     0  rtexit2.o(.ARM.Collect$$rtexit$$00000003)
    __rt_exit_prels_1                        0x00000171   Thumb Code     0  rtexit2.o(.ARM.Collect$$rtexit$$00000002)
    __rt_exit_exit                           0x00000175   Thumb Code     0  rtexit2.o(.ARM.Collect$$rtexit$$00000004)
    rand                                     0x0000017d   Thumb Code    52  rand.o(.emb_text)
    Reset_Handler                            0x000001b5   Thumb Code    32  startup_nuc1xx.o(.text)
    NMI_Handler                              0x000001d5   Thumb Code     2  startup_nuc1xx.o(.text)
    HardFault_Handler                        0x000001d7   Thumb Code     2  startup_nuc1xx.o(.text)
    SVC_Handler                              0x000001d9   Thumb Code     2  startup_nuc1xx.o(.text)
    PendSV_Handler                           0x000001db   Thumb Code     2  startup_nuc1xx.o(.text)
    SysTick_Handler                          0x000001dd   Thumb Code     2  startup_nuc1xx.o(.text)
    ACMP_IRQHandler                          0x000001df   Thumb Code     0  startup_nuc1xx.o(.text)
    ADC_IRQHandler                           0x000001df   Thumb Code     0  startup_nuc1xx.o(.text)
    BOD_IRQHandler                           0x000001df   Thumb Code     0  startup_nuc1xx.o(.text)
    CAN0_IRQHandler                          0x000001df   Thumb Code     0  startup_nuc1xx.o(.text)
    I2C0_IRQHandler                          0x000001df   Thumb Code     0  startup_nuc1xx.o(.text)
    I2C1_IRQHandler                          0x000001df   Thumb Code     0  startup_nuc1xx.o(.text)
    I2S_IRQHandler                           0x000001df   Thumb Code     0  startup_nuc1xx.o(.text)
    PDMA_IRQHandler                          0x000001df   Thumb Code     0  startup_nuc1xx.o(.text)
    PS2_IRQHandler                           0x000001df   Thumb Code     0  startup_nuc1xx.o(.text)
    PWMA_IRQHandler                          0x000001df   Thumb Code     0  startup_nuc1xx.o(.text)
    PWMB_IRQHandler                          0x000001df   Thumb Code     0  startup_nuc1xx.o(.text)
    PWRWU_IRQHandler                         0x000001df   Thumb Code     0  startup_nuc1xx.o(.text)
    RTC_IRQHandler                           0x000001df   Thumb Code     0  startup_nuc1xx.o(.text)
    SPI0_IRQHandler                          0x000001df   Thumb Code     0  startup_nuc1xx.o(.text)
    SPI1_IRQHandler                          0x000001df   Thumb Code     0  startup_nuc1xx.o(.text)
    SPI2_IRQHandler                          0x000001df   Thumb Code     0  startup_nuc1xx.o(.text)
    SPI3_IRQHandler                          0x000001df   Thumb Code     0  startup_nuc1xx.o(.text)
    TMR0_IRQHandler                          0x000001df   Thumb Code     0  startup_nuc1xx.o(.text)
    TMR1_IRQHandler                          0x000001df   Thumb Code     0  startup_nuc1xx.o(.text)
    TMR2_IRQHandler                          0x000001df   Thumb Code     0  startup_nuc1xx.o(.text)
    TMR3_IRQHandler                          0x000001df   Thumb Code     0  startup_nuc1xx.o(.text)
    UART02_IRQHandler                        0x000001df   Thumb Code     0  startup_nuc1xx.o(.text)
    UART1_IRQHandler                         0x000001df   Thumb Code     0  startup_nuc1xx.o(.text)
    USBD_IRQHandler                          0x000001df   Thumb Code     0  startup_nuc1xx.o(.text)
    WDT_IRQHandler                           0x000001df   Thumb Code     0  startup_nuc1xx.o(.text)
    __user_initial_stackheap                 0x000001e1   Thumb Code     0  startup_nuc1xx.o(.text)
    __2sprintf                               0x00000219   Thumb Code    36  noretval__2sprintf.o(.text)
    __printf                                 0x00000241   Thumb Code   110  __printf.o(.text)
    _printf_int_dec                          0x000002b1   Thumb Code    90  _printf_dec.o(.text)
    srand                                    0x0000031d   Thumb Code    46  rand.o(.text)
    _rand_init                               0x0000034b   Thumb Code     4  rand.o(.text)
    __aeabi_uidiv                            0x0000035d   Thumb Code     0  aeabi_sdiv.o(.text)
    __aeabi_uidivmod                         0x0000035d   Thumb Code    20  aeabi_sdiv.o(.text)
    __aeabi_idiv                             0x00000371   Thumb Code     0  aeabi_sdiv.o(.text)
    __aeabi_idivmod                          0x00000371   Thumb Code   326  aeabi_sdiv.o(.text)
    __use_two_region_memory                  0x000004b7   Thumb Code     2  heapauxi.o(.text)
    __rt_heap_escrow$2region                 0x000004b9   Thumb Code     2  heapauxi.o(.text)
    __rt_heap_expand$2region                 0x000004bb   Thumb Code     2  heapauxi.o(.text)
    __aeabi_d2f                              0x000004bd   Thumb Code     0  d2f.o(.text)
    _d2f                                     0x000004bd   Thumb Code   120  d2f.o(.text)
    __aeabi_dmul                             0x00000539   Thumb Code     0  dmul.o(.text)
    _dmul                                    0x00000539   Thumb Code   634  dmul.o(.text)
    __aeabi_f2d                              0x000007c9   Thumb Code     0  f2d.o(.text)
    _f2d                                     0x000007c9   Thumb Code    74  f2d.o(.text)
    __aeabi_f2iz                             0x00000819   Thumb Code     0  ffixi.o(.text)
    _ffix                                    0x00000819   Thumb Code    76  ffixi.o(.text)
    _printf_int_common                       0x00000865   Thumb Code   176  _printf_intcommon.o(.text)
    _printf_char_common                      0x0000091f   Thumb Code    32  _printf_char_common.o(.text)
    _sputc                                   0x00000945   Thumb Code    10  _sputc.o(.text)
    __rt_udiv10                              0x0000094f   Thumb Code    40  rtudiv10.o(.text)
    __user_setup_stackheap                   0x00000977   Thumb Code    62  sys_stackheap_outer.o(.text)
    exit                                     0x000009b5   Thumb Code    12  exit.o(.text)
    __user_libspace                          0x000009c1   Thumb Code     8  libspace.o(.text)
    __user_perproc_libspace                  0x000009c1   Thumb Code     0  libspace.o(.text)
    __user_perthread_libspace                0x000009c1   Thumb Code     0  libspace.o(.text)
    _sys_exit                                0x000009c9   Thumb Code     8  sys_exit.o(.text)
    __I$use$semihosting                      0x000009d5   Thumb Code     0  use_no_semi.o(.text)
    __use_no_semihosting_swi                 0x000009d5   Thumb Code     2  use_no_semi.o(.text)
    __semihosting_library_function           0x000009d7   Thumb Code     0  indicate_semi.o(.text)
    DrvGPIO_ClrBit                           0x000009d9   Thumb Code    36  drvgpio.o(i.DrvGPIO_ClrBit)
    DrvGPIO_GetBit                           0x00000a05   Thumb Code    32  drvgpio.o(i.DrvGPIO_GetBit)
    DrvGPIO_Open                             0x00000a2d   Thumb Code   110  drvgpio.o(i.DrvGPIO_Open)
    DrvGPIO_SetBit                           0x00000aa5   Thumb Code    36  drvgpio.o(i.DrvGPIO_SetBit)
    EINT0_IRQHandler                         0x00000ad1   Thumb Code    26  drvgpio.o(i.EINT0_IRQHandler)
    EINT1_IRQHandler                         0x00000af5   Thumb Code    26  drvgpio.o(i.EINT1_IRQHandler)
    GPAB_IRQHandler                          0x00000b19   Thumb Code    52  drvgpio.o(i.GPAB_IRQHandler)
    GPCDE_IRQHandler                         0x00000b55   Thumb Code    56  drvgpio.o(i.GPCDE_IRQHandler)
    GetRand                                  0x00000b95   Thumb Code    20  smpl_lcd_keypad.o(i.GetRand)
    InitData                                 0x00000ba9   Thumb Code    24  smpl_lcd_keypad.o(i.InitData)
    Initial_panel                            0x00000bc1   Thumb Code   526  lcd_driver.o(i.Initial_panel)
    LoadBuf                                  0x00000dd9   Thumb Code    44  smpl_lcd_keypad.o(i.LoadBuf)
    LoadImg                                  0x00000e0d   Thumb Code   290  smpl_lcd_keypad.o(i.LoadImg)
    LoadIndex                                0x00000f41   Thumb Code    28  smpl_lcd_keypad.o(i.LoadIndex)
    Loadres                                  0x00000f7d   Thumb Code    68  smpl_lcd_keypad.o(i.Loadres)
    OpenKeyPad                               0x00000ffd   Thumb Code    26  scankey.o(i.OpenKeyPad)
    Scankey                                  0x00001019   Thumb Code   126  scankey.o(i.Scankey)
    SetPACA                                  0x0000109d   Thumb Code   238  lcd_driver.o(i.SetPACA)
    Show_Word                                0x00001191   Thumb Code   116  lcd_driver.o(i.Show_Word)
    SystemInit                               0x00001209   Thumb Code     2  system_nuc1xx.o(i.SystemInit)
    WriteData                                0x0000120d   Thumb Code    82  lcd_driver.o(i.WriteData)
    close_seven_segment                      0x00001265   Thumb Code    36  seven_segment.o(i.close_seven_segment)
    clr_all_panel                            0x00001289   Thumb Code    40  lcd_driver.o(i.clr_all_panel)
    delay                                    0x000012b1   Thumb Code    16  scankey.o(i.delay)
    draw_LCD                                 0x000012c1   Thumb Code    68  lcd_driver.o(i.draw_LCD)
    main                                     0x00001305   Thumb Code   480  smpl_lcd_keypad.o(i.main)
    print_lcd                                0x000014fd   Thumb Code    40  lcd_driver.o(i.print_lcd)
    seg_display                              0x00001525   Thumb Code   238  smpl_lcd_keypad.o(i.seg_display)
    show_seven_segment                       0x00001615   Thumb Code    60  seven_segment.o(i.show_seven_segment)
    __I$use$fp                               0x00001655   Thumb Code     0  usenofp.o(x$fpl$usenofp)
    Region$$Table$$Base                      0x00001668   Number         0  anon$$obj.o(Region$$Table)
    Region$$Table$$Limit                     0x00001688   Number         0  anon$$obj.o(Region$$Table)
    Img_mole_nor                             0x20000000   Data         160  smpl_lcd_keypad.o(.data)
    Img_mole_die                             0x200000a0   Data         160  smpl_lcd_keypad.o(.data)
    Img_mole_hole                            0x20000140   Data         160  smpl_lcd_keypad.o(.data)
    Ascii                                    0x200001e0   Data        1520  ascii_table.o(.data)
    SEG_BUF                                  0x200007d0   Data          10  seven_segment.o(.data)
    SPI_PORT                                 0x200007dc   Data          16  lcd_driver.o(.data)
    Nuvoton                                  0x200007fc   Data        1024  smpl_lcd_keypad.o(.bss)
    DisplayBuf                               0x20000bfc   Data        1024  smpl_lcd_keypad.o(.bss)
    _random_number_data                      0x20000ffc   Data         228  rand.o(.bss)
    __libspace_start                         0x200010e0   Data          96  libspace.o(.bss)
    __temporary_stack_top$libspace           0x20001140   Data           0  libspace.o(.bss)



==============================================================================

Memory Map of the image

  Image Entry point : 0x000001b5

  Load Region LR_1 (Base: 0x00000000, Size: 0x00001e84, Max: 0xffffffff, ABSOLUTE)

    Execution Region ER_RO (Base: 0x00000000, Size: 0x00001688, Max: 0xffffffff, ABSOLUTE)

    Base Addr    Size         Type   Attr      Idx    E Section Name        Object

    0x00000000   0x000000c0   Data   RO           55    RESET               startup_nuc1xx.o
    0x000000c0   0x00000008   Code   RO          586  * !!!main             c_p.l(__main.o)
    0x000000c8   0x0000003c   Code   RO          770    !!!scatter          c_p.l(__scatter.o)
    0x00000104   0x0000001a   Code   RO          772    !!handler_copy      c_p.l(__scatter_copy.o)
    0x0000011e   0x00000002   PAD
    0x00000120   0x0000001c   Code   RO          774    !!handler_zi        c_p.l(__scatter_zi.o)
    0x0000013c   0x00000002   Code   RO          574    .ARM.Collect$$_printf_percent$$00000000  c_p.l(_printf_percent.o)
    0x0000013e   0x0000000a   Code   RO          573    .ARM.Collect$$_printf_percent$$00000009  c_p.l(_printf_d.o)
    0x00000148   0x00000004   Code   RO          607    .ARM.Collect$$_printf_percent$$00000017  c_p.l(_printf_percent_end.o)
    0x0000014c   0x00000006   Code   RO          691    .ARM.Collect$$libinit$$00000000  c_p.l(libinit.o)
    0x00000152   0x00000000   Code   RO          612    .ARM.Collect$$libinit$$00000006  c_p.l(libinit2.o)
    0x00000152   0x00000000   Code   RO          614    .ARM.Collect$$libinit$$00000008  c_p.l(libinit2.o)
    0x00000152   0x00000004   Code   RO          615    .ARM.Collect$$libinit$$00000009  c_p.l(libinit2.o)
    0x00000156   0x00000000   Code   RO          616    .ARM.Collect$$libinit$$0000000A  c_p.l(libinit2.o)
    0x00000156   0x00000000   Code   RO          619    .ARM.Collect$$libinit$$0000000D  c_p.l(libinit2.o)
    0x00000156   0x00000000   Code   RO          621    .ARM.Collect$$libinit$$0000000F  c_p.l(libinit2.o)
    0x00000156   0x00000000   Code   RO          623    .ARM.Collect$$libinit$$00000011  c_p.l(libinit2.o)
    0x00000156   0x00000000   Code   RO          625    .ARM.Collect$$libinit$$00000013  c_p.l(libinit2.o)
    0x00000156   0x00000000   Code   RO          627    .ARM.Collect$$libinit$$00000015  c_p.l(libinit2.o)
    0x00000156   0x00000000   Code   RO          629    .ARM.Collect$$libinit$$00000017  c_p.l(libinit2.o)
    0x00000156   0x00000000   Code   RO          631    .ARM.Collect$$libinit$$00000019  c_p.l(libinit2.o)
    0x00000156   0x00000000   Code   RO          633    .ARM.Collect$$libinit$$0000001B  c_p.l(libinit2.o)
    0x00000156   0x00000000   Code   RO          635    .ARM.Collect$$libinit$$0000001D  c_p.l(libinit2.o)
    0x00000156   0x00000000   Code   RO          637    .ARM.Collect$$libinit$$0000001F  c_p.l(libinit2.o)
    0x00000156   0x00000000   Code   RO          639    .ARM.Collect$$libinit$$00000021  c_p.l(libinit2.o)
    0x00000156   0x00000000   Code   RO          643    .ARM.Collect$$libinit$$00000028  c_p.l(libinit2.o)
    0x00000156   0x00000000   Code   RO          645    .ARM.Collect$$libinit$$0000002A  c_p.l(libinit2.o)
    0x00000156   0x00000000   Code   RO          647    .ARM.Collect$$libinit$$0000002C  c_p.l(libinit2.o)
    0x00000156   0x00000000   Code   RO          649    .ARM.Collect$$libinit$$0000002E  c_p.l(libinit2.o)
    0x00000156   0x00000002   Code   RO          650    .ARM.Collect$$libinit$$0000002F  c_p.l(libinit2.o)
    0x00000158   0x00000002   Code   RO          738    .ARM.Collect$$libshutdown$$00000000  c_p.l(libshutdown.o)
    0x0000015a   0x00000000   Code   RO          755    .ARM.Collect$$libshutdown$$00000003  c_p.l(libshutdown2.o)
    0x0000015a   0x00000000   Code   RO          758    .ARM.Collect$$libshutdown$$00000006  c_p.l(libshutdown2.o)
    0x0000015a   0x00000000   Code   RO          761    .ARM.Collect$$libshutdown$$00000009  c_p.l(libshutdown2.o)
    0x0000015a   0x00000000   Code   RO          763    .ARM.Collect$$libshutdown$$0000000B  c_p.l(libshutdown2.o)
    0x0000015a   0x00000000   Code   RO          766    .ARM.Collect$$libshutdown$$0000000E  c_p.l(libshutdown2.o)
    0x0000015a   0x00000002   Code   RO          767    .ARM.Collect$$libshutdown$$0000000F  c_p.l(libshutdown2.o)
    0x0000015c   0x00000000   Code   RO          596    .ARM.Collect$$rtentry$$00000000  c_p.l(rtentry.o)
    0x0000015c   0x00000000   Code   RO          653    .ARM.Collect$$rtentry$$00000002  c_p.l(rtentry2.o)
    0x0000015c   0x00000006   Code   RO          665    .ARM.Collect$$rtentry$$00000004  c_p.l(rtentry4.o)
    0x00000162   0x00000000   Code   RO          655    .ARM.Collect$$rtentry$$00000009  c_p.l(rtentry2.o)
    0x00000162   0x00000004   Code   RO          656    .ARM.Collect$$rtentry$$0000000A  c_p.l(rtentry2.o)
    0x00000166   0x00000000   Code   RO          658    .ARM.Collect$$rtentry$$0000000C  c_p.l(rtentry2.o)
    0x00000166   0x00000008   Code   RO          659    .ARM.Collect$$rtentry$$0000000D  c_p.l(rtentry2.o)
    0x0000016e   0x00000002   Code   RO          698    .ARM.Collect$$rtexit$$00000000  c_p.l(rtexit.o)
    0x00000170   0x00000000   Code   RO          720    .ARM.Collect$$rtexit$$00000002  c_p.l(rtexit2.o)
    0x00000170   0x00000004   Code   RO          721    .ARM.Collect$$rtexit$$00000003  c_p.l(rtexit2.o)
    0x00000174   0x00000006   Code   RO          722    .ARM.Collect$$rtexit$$00000004  c_p.l(rtexit2.o)
    0x0000017a   0x00000002   PAD
    0x0000017c   0x00000038   Code   RO          575    .emb_text           c_p.l(rand.o)
    0x000001b4   0x00000064   Code   RO           56  * .text               startup_nuc1xx.o
    0x00000218   0x00000028   Code   RO          547    .text               c_p.l(noretval__2sprintf.o)
    0x00000240   0x0000006e   Code   RO          549    .text               c_p.l(__printf.o)
    0x000002ae   0x00000002   PAD
    0x000002b0   0x0000006c   Code   RO          551    .text               c_p.l(_printf_dec.o)
    0x0000031c   0x00000040   Code   RO          576    .text               c_p.l(rand.o)
    0x0000035c   0x0000015a   Code   RO          580    .text               c_p.l(aeabi_sdiv.o)
    0x000004b6   0x00000006   Code   RO          584    .text               c_p.l(heapauxi.o)
    0x000004bc   0x0000007c   Code   RO          588    .text               fz_ps.l(d2f.o)
    0x00000538   0x00000290   Code   RO          590    .text               fz_ps.l(dmul.o)
    0x000007c8   0x00000050   Code   RO          592    .text               fz_ps.l(f2d.o)
    0x00000818   0x0000004c   Code   RO          594    .text               fz_ps.l(ffixi.o)
    0x00000864   0x000000b0   Code   RO          601    .text               c_p.l(_printf_intcommon.o)
    0x00000914   0x00000030   Code   RO          603    .text               c_p.l(_printf_char_common.o)
    0x00000944   0x0000000a   Code   RO          605    .text               c_p.l(_sputc.o)
    0x0000094e   0x00000028   Code   RO          608    .text               c_p.l(rtudiv10.o)
    0x00000976   0x0000003e   Code   RO          673    .text               c_p.l(sys_stackheap_outer.o)
    0x000009b4   0x0000000c   Code   RO          676    .text               c_p.l(exit.o)
    0x000009c0   0x00000008   Code   RO          694    .text               c_p.l(libspace.o)
    0x000009c8   0x0000000c   Code   RO          714    .text               c_p.l(sys_exit.o)
    0x000009d4   0x00000002   Code   RO          716    .text               c_p.l(use_no_semi.o)
    0x000009d6   0x00000000   Code   RO          718    .text               c_p.l(indicate_semi.o)
    0x000009d6   0x00000002   PAD
    0x000009d8   0x0000002c   Code   RO          308    i.DrvGPIO_ClrBit    drvgpio.o
    0x00000a04   0x00000028   Code   RO          321    i.DrvGPIO_GetBit    drvgpio.o
    0x00000a2c   0x00000078   Code   RO          331    i.DrvGPIO_Open      drvgpio.o
    0x00000aa4   0x0000002c   Code   RO          332    i.DrvGPIO_SetBit    drvgpio.o
    0x00000ad0   0x00000024   Code   RO          338    i.EINT0_IRQHandler  drvgpio.o
    0x00000af4   0x00000024   Code   RO          339    i.EINT1_IRQHandler  drvgpio.o
    0x00000b18   0x0000003c   Code   RO          340    i.GPAB_IRQHandler   drvgpio.o
    0x00000b54   0x00000040   Code   RO          341    i.GPCDE_IRQHandler  drvgpio.o
    0x00000b94   0x00000014   Code   RO           61    i.GetRand           smpl_lcd_keypad.o
    0x00000ba8   0x00000018   Code   RO           62    i.InitData          smpl_lcd_keypad.o
    0x00000bc0   0x00000218   Code   RO          223    i.Initial_panel     lcd_driver.o
    0x00000dd8   0x00000034   Code   RO           63    i.LoadBuf           smpl_lcd_keypad.o
    0x00000e0c   0x00000134   Code   RO           64    i.LoadImg           smpl_lcd_keypad.o
    0x00000f40   0x0000003c   Code   RO           65    i.LoadIndex         smpl_lcd_keypad.o
    0x00000f7c   0x00000080   Code   RO           66    i.Loadres           smpl_lcd_keypad.o
    0x00000ffc   0x0000001a   Code   RO          162    i.OpenKeyPad        scankey.o
    0x00001016   0x00000002   PAD
    0x00001018   0x00000084   Code   RO          163    i.Scankey           scankey.o
    0x0000109c   0x000000f4   Code   RO          224    i.SetPACA           lcd_driver.o
    0x00001190   0x00000078   Code   RO          225    i.Show_Word         lcd_driver.o
    0x00001208   0x00000002   Code   RO           18    i.SystemInit        system_nuc1xx.o
    0x0000120a   0x00000002   PAD
    0x0000120c   0x00000058   Code   RO          227    i.WriteData         lcd_driver.o
    0x00001264   0x00000024   Code   RO          198    i.close_seven_segment  seven_segment.o
    0x00001288   0x00000028   Code   RO          228    i.clr_all_panel     lcd_driver.o
    0x000012b0   0x00000010   Code   RO          164    i.delay             scankey.o
    0x000012c0   0x00000044   Code   RO          229    i.draw_LCD          lcd_driver.o
    0x00001304   0x000001f8   Code   RO           67    i.main              smpl_lcd_keypad.o
    0x000014fc   0x00000028   Code   RO          230    i.print_lcd         lcd_driver.o
    0x00001524   0x000000ee   Code   RO           68    i.seg_display       smpl_lcd_keypad.o
    0x00001612   0x00000002   PAD
    0x00001614   0x00000040   Code   RO          199    i.show_seven_segment  seven_segment.o
    0x00001654   0x00000000   Code   RO          651    x$fpl$usenofp       fz_ps.l(usenofp.o)
    0x00001654   0x0000000f   Data   RO           70    .constdata          smpl_lcd_keypad.o
    0x00001663   0x00000001   PAD
    0x00001664   0x00000004   Data   RO          165    .constdata          scankey.o
    0x00001668   0x00000020   Data   RO          768    Region$$Table       anon$$obj.o


    Execution Region ER_RW (Base: 0x20000000, Size: 0x000007fc, Max: 0xffffffff, ABSOLUTE)

    Base Addr    Size         Type   Attr      Idx    E Section Name        Object

    0x20000000   0x000001e0   Data   RW           71    .data               smpl_lcd_keypad.o
    0x200001e0   0x000005f0   Data   RW          154    .data               ascii_table.o
    0x200007d0   0x0000000a   Data   RW          200    .data               seven_segment.o
    0x200007da   0x00000002   PAD
    0x200007dc   0x00000010   Data   RW          231    .data               lcd_driver.o
    0x200007ec   0x00000010   Data   RW          345    .data               drvgpio.o


    Execution Region ER_ZI (Base: 0x200007fc, Size: 0x00000d44, Max: 0xffffffff, ABSOLUTE)

    Base Addr    Size         Type   Attr      Idx    E Section Name        Object

    0x200007fc   0x00000800   Zero   RW           69    .bss                smpl_lcd_keypad.o
    0x20000ffc   0x000000e4   Zero   RW          577    .bss                c_p.l(rand.o)
    0x200010e0   0x00000060   Zero   RW          695    .bss                c_p.l(libspace.o)
    0x20001140   0x00000000   Zero   RW           54    HEAP                startup_nuc1xx.o
    0x20001140   0x00000400   Zero   RW           53    STACK               startup_nuc1xx.o


==============================================================================

Image component sizes


      Code (inc. data)   RO Data    RW Data    ZI Data      Debug   Object Name

         0          0          0       1520          0        420   ascii_table.o
         0          0          0          0          0       4196   core_cm0.o
       444         70          0         16          0       5441   drvgpio.o
      1136         26          0         16          0     121564   lcd_driver.o
       174          6          4          0          0       6359   scankey.o
       100          4          0         10          0       2001   seven_segment.o
      1334        142         15        480       2048     122701   smpl_lcd_keypad.o
       100         46        192          0       1024        608   startup_nuc1xx.o
         2          0          0          0          0        389   system_nuc1xx.o

    ----------------------------------------------------------------------
      3296        294        244       2044       3072     263679   Object Totals
         0          0         32          0          0          0   (incl. Generated)
         6          0          1          2          0          0   (incl. Padding)

    ----------------------------------------------------------------------

      Code (inc. data)   RO Data    RW Data    ZI Data      Debug   Library Member Name

         8          0          0          0          0         68   __main.o
       110          0          0          0          0         76   __printf.o
        60          8          0          0          0          0   __scatter.o
        26          0          0          0          0          0   __scatter_copy.o
        28          0          0          0          0          0   __scatter_zi.o
        48          6          0          0          0         88   _printf_char_common.o
        10          0          0          0          0          0   _printf_d.o
       108         18          0          0          0         76   _printf_dec.o
       176          0          0          0          0         84   _printf_intcommon.o
         2          0          0          0          0          0   _printf_percent.o
         4          0          0          0          0          0   _printf_percent_end.o
        10          0          0          0          0         60   _sputc.o
       346          0          0          0          0         92   aeabi_sdiv.o
        12          0          0          0          0         64   exit.o
         6          0          0          0          0        136   heapauxi.o
         0          0          0          0          0          0   indicate_semi.o
         6          0          0          0          0          0   libinit.o
         6          0          0          0          0          0   libinit2.o
         2          0          0          0          0          0   libshutdown.o
         2          0          0          0          0          0   libshutdown2.o
         8          4          0          0         96         68   libspace.o
        40          4          0          0          0         84   noretval__2sprintf.o
       120         18          0          0        228        156   rand.o
         0          0          0          0          0          0   rtentry.o
        12          0          0          0          0          0   rtentry2.o
         6          0          0          0          0          0   rtentry4.o
         2          0          0          0          0          0   rtexit.o
        10          0          0          0          0          0   rtexit2.o
        40          0          0          0          0         60   rtudiv10.o
        12          4          0          0          0         60   sys_exit.o
        62          0          0          0          0         80   sys_stackheap_outer.o
         2          0          0          0          0         68   use_no_semi.o
       124          4          0          0          0         72   d2f.o
       656         22          0          0          0         84   dmul.o
        80          6          0          0          0         60   f2d.o
        76          0          0          0          0         68   ffixi.o
         0          0          0          0          0          0   usenofp.o

    ----------------------------------------------------------------------
      2228         94          0          0        324       1604   Library Totals
         8          0          0          0          0          0   (incl. Padding)

    ----------------------------------------------------------------------

      Code (inc. data)   RO Data    RW Data    ZI Data      Debug   Library Name

      1284         62          0          0        324       1320   c_p.l
       936         32          0          0          0        284   fz_ps.l

    ----------------------------------------------------------------------
      2228         94          0          0        324       1604   Library Totals

    ----------------------------------------------------------------------

==============================================================================


      Code (inc. data)   RO Data    RW Data    ZI Data      Debug   

      5524        388        244       2044       3396     263211   Grand Totals
      5524        388        244       2044       3396     263211   ELF Image Totals
      5524        388        244       2044          0          0   ROM Totals

==============================================================================

    Total RO  Size (Code + RO Data)                 5768 (   5.63kB)
    Total RW  Size (RW Data + ZI Data)              5440 (   5.31kB)
    Total ROM Size (Code + RO Data + RW Data)       7812 (   7.63kB)

==============================================================================

